<marquee style="width: 50%; font-size: 32pt">About my Cats!</marquee>
<div>
	<li><a href="cats/bob.htm">Bob Dole</a></li><li><a href="cats/lucy.htm">Lucy Lu</a></li>
</div>
