Welcome to my cat website!
<div>
	<li><a href="cats/bob.htm">Bob Dole</a></li><li><a href="cats/lucy.htm">Lucy Lu</a></li>
</div>
