<div><a href="../index.htm">Back to cat listing</a></div>
<h1>Lucy Lu</h1>
<div>
	
You are the cat.

</div>
