<div>
	<a href="../index.htm">Go Home!</a>
</div>
<h1>Bob Dole</h1>
<div>
	
<div>
	My owner is not creative.
</div>


</div>
