<div>
	<a href="../index.htm">Go Home!</a>
</div>
<h1>Lucy Lu</h1>
<div>
	
<div>
	<b>I am a cat!</b>
</div>

</div>
